Loaded files/images/blank_800x800.ppm (PPM image 800x800)
Loaded files/fonts/HaxorMedium-12.bdf (bitmap font Haxor-Medium)
Text written
Loaded files/lsystems/plant.lsys (L-system with 2 rules)
Drawing done
Saved tasks/runic/tests/37-runic/37-runic-1.out.ppm
Text written
Text written
Loaded files/lsystems/branch.lsys (L-system with 1 rules)
Drawing done
Drawing done
Saved tasks/runic/tests/37-runic/37-runic-2.out.ppm
Drawing done
Loaded files/images/blank_800x600.ppm (PPM image 800x600)
Text written
Saved tasks/runic/tests/37-runic/37-runic-3.out.ppm
Nothing to redo
