Loaded files/images/blank_800x800.ppm (PPM image 800x800)
Loaded files/lsystems/plant.lsys (L-system with 2 rules)
Drawing done
Loaded files/fonts/scientifica-11.bdf (bitmap font scientifica-medium)
Text written
Text written
Saved tasks/runic/tests/30-runic/30-runic-1.out.ppm
Text written
Saved tasks/runic/tests/30-runic/30-runic-2.out.ppm
