Elicopterul 7 este pozitionat necorespunzator!
Elicopterul 19 este pozitionat necorespunzator!
Elicopterul 30 este pozitionat necorespunzator!
Elicopterul 40 este pozitionat necorespunzator!
Elicopterul 96 este pozitionat necorespunzator!
Elicopterul 103 este pozitionat necorespunzator!
Elicopterul 114 este pozitionat necorespunzator!
Elicopterul 116 este pozitionat necorespunzator!
Elicopterul 131 este pozitionat necorespunzator!
Elicopterul 147 este pozitionat necorespunzator!
Elicopterul 149 este pozitionat necorespunzator!
Elicopterul 159 este pozitionat necorespunzator!
Elicopterul 176 este pozitionat necorespunzator!
Elicopterul 188 este pozitionat necorespunzator!
Elicopterul 226 este pozitionat necorespunzator!
Elicopterul 252 este pozitionat necorespunzator!
Elicopterul 275 este pozitionat necorespunzator!
Elicopterul 279 este pozitionat necorespunzator!
Elicopterul 290 este pozitionat necorespunzator!
Elicopterul 308 este pozitionat necorespunzator!
Elicopterul 321 este pozitionat necorespunzator!
Elicopterul 327 este pozitionat necorespunzator!
Elicopterul 342 este pozitionat necorespunzator!
Elicopterul 344 este pozitionat necorespunzator!
Elicopterul 350 este pozitionat necorespunzator!
Elicopterul 358 este pozitionat necorespunzator!
Elicopterul 368 este pozitionat necorespunzator!
Elicopterul 370 este pozitionat necorespunzator!
Elicopterul 375 este pozitionat necorespunzator!
Elicopterul 381 este pozitionat necorespunzator!
Elicopterul 399 este pozitionat necorespunzator!
Elicopterul 401 este pozitionat necorespunzator!
Elicopterul 414 este pozitionat necorespunzator!
Elicopterul 418 este pozitionat necorespunzator!
Elicopterul 442 este pozitionat necorespunzator!
Elicopterul 446 este pozitionat necorespunzator!
Elicopterul 467 este pozitionat necorespunzator!
Elicopterul 468 este pozitionat necorespunzator!
Elicopterul 482 este pozitionat necorespunzator!
Elicopterul 493 este pozitionat necorespunzator!
Elicopterul 533 este pozitionat necorespunzator!
Elicopterul 542 este pozitionat necorespunzator!
Elicopterul 557 este pozitionat necorespunzator!
Elicopterul 579 este pozitionat necorespunzator!
Elicopterul 584 este pozitionat necorespunzator!
Elicopterul 589 este pozitionat necorespunzator!
Elicopterul 591 este pozitionat necorespunzator!
Elicopterul 599 este pozitionat necorespunzator!
Elicopterul 603 este pozitionat necorespunzator!
Elicopterul 607 este pozitionat necorespunzator!
Elicopterul 608 este pozitionat necorespunzator!
Elicopterul 621 este pozitionat necorespunzator!
Elicopterul 637 este pozitionat necorespunzator!
Elicopterul 674 este pozitionat necorespunzator!
Elicopterul 688 este pozitionat necorespunzator!
Elicopterul 697 este pozitionat necorespunzator!
Elicopterul 698 este pozitionat necorespunzator!
Elicopterul 703 este pozitionat necorespunzator!
Elicopterul 709 este pozitionat necorespunzator!
Elicopterul 716 este pozitionat necorespunzator!
Elicopterul 724 este pozitionat necorespunzator!
Elicopterul 731 este pozitionat necorespunzator!
Elicopterul 736 este pozitionat necorespunzator!
Elicopterul 744 este pozitionat necorespunzator!
159
185
2 16 20 21 25 27 45 51 63 64 71 77 82 84 91 99 102 110 113 120 125 132 139 143 146 148 152 153 156 170 173 177 178 179 195 196 199 203 205 206 209 213 215 218 220 221 228 234 243 244 248 253 257 267 268 271 274 278 280 282 283 284 288 292 293 295 296 301 303 310 314 318 320 322 325 332 334 335 336 337 339 347 363 369 374 376 378 379 386 390 392 396 406 410 412 416 417 419 425 426 427 428 430 431 432 435 436 447 449 451 452 455 456 458 459 460 461 469 470 475 477 479 480 481 488 491 502 505 506 509 513 528 543 546 547 551 554 556 559 566 570 571 578 594 595 596 606 612 613 617 622 630 639 644 655 657 663 666 669 672 678 679 680 684 685 687 689 694 699 704 707 710 717 725 726 728 730 734 743 748 749 750 752 756 762 
