Elicopterul 22 este pozitionat necorespunzator!
Elicopterul 32 este pozitionat necorespunzator!
Elicopterul 86 este pozitionat necorespunzator!
Elicopterul 163 este pozitionat necorespunzator!
Elicopterul 170 este pozitionat necorespunzator!
Elicopterul 178 este pozitionat necorespunzator!
Elicopterul 208 este pozitionat necorespunzator!
Elicopterul 221 este pozitionat necorespunzator!
Elicopterul 237 este pozitionat necorespunzator!
Elicopterul 272 este pozitionat necorespunzator!
Elicopterul 309 este pozitionat necorespunzator!
Elicopterul 313 este pozitionat necorespunzator!
Elicopterul 340 este pozitionat necorespunzator!
Elicopterul 353 este pozitionat necorespunzator!
Elicopterul 385 este pozitionat necorespunzator!
Elicopterul 390 este pozitionat necorespunzator!
Elicopterul 414 este pozitionat necorespunzator!
Elicopterul 425 este pozitionat necorespunzator!
Elicopterul 436 este pozitionat necorespunzator!
Elicopterul 438 este pozitionat necorespunzator!
148
60
5 8 15 17 18 30 34 40 43 49 55 60 70 73 87 94 100 106 110 114 126 127 129 131 136 158 161 166 167 172 201 205 209 213 216 219 250 256 264 266 283 292 295 307 311 314 316 329 352 368 374 375 379 387 409 426 432 435 445 463 
