Elicopterul 6 este pozitionat necorespunzator!
Elicopterul 8 este pozitionat necorespunzator!
Elicopterul 22 este pozitionat necorespunzator!
Elicopterul 27 este pozitionat necorespunzator!
Elicopterul 28 este pozitionat necorespunzator!
Elicopterul 48 este pozitionat necorespunzator!
Elicopterul 49 este pozitionat necorespunzator!
Elicopterul 60 este pozitionat necorespunzator!
Elicopterul 61 este pozitionat necorespunzator!
Elicopterul 69 este pozitionat necorespunzator!
Elicopterul 84 este pozitionat necorespunzator!
Elicopterul 91 este pozitionat necorespunzator!
30
16
4 15 24 25 31 36 41 55 65 78 87 89 94 97 98 106 
