Loaded files/images/blank_600x120.ppm (PPM image 600x120)
Loaded files/fonts/ncenB24.bdf (bitmap font -Adobe-New Century Schoolbook-Bold-R-Normal--34-240-100-100-P-193-ISO10646-1)
Text written
Loaded files/fonts/courB18.bdf (bitmap font -Adobe-Courier-Bold-R-Normal--25-180-100-100-M-150-ISO10646-1)
Text written
Loaded files/fonts/gohufont-11.bdf (bitmap font -Gohu-GohuFont-Medium-R-Normal--11-80-100-100-C-60-ISO8859-1)
Text written
Saved tasks/runic/tests/34-runic/34-runic.out.ppm
