Loaded files/images/blank_600x120.ppm (PPM image 600x120)
Loaded files/fonts/ncenB24.bdf (bitmap font -Adobe-New Century Schoolbook-Bold-R-Normal--34-240-100-100-P-193-ISO10646-1)
Text written
No font loaded
Loaded files/fonts/ncenB24.bdf (bitmap font -Adobe-New Century Schoolbook-Bold-R-Normal--34-240-100-100-P-193-ISO10646-1)
Text written
Saved tasks/runic/tests/35-runic/35-runic.out.ppm
