Loaded files/images/blank_800x800.ppm (PPM image 800x800)
Loaded files/fonts/scientifica-11.bdf (bitmap font scientifica-medium)
Loaded files/lsystems/plant.lsys (L-system with 2 rules)
Drawing done
Text written
Text written
Drawing done
Text written
Drawing done
Text written
Drawing done
Drawing done
Text written
Drawing done
Text written
Text written
Drawing done
Drawing done
Drawing done
Drawing done
Text written
Text written
Text written
Drawing done
Text written
Drawing done
Text written
Drawing done
Text written
Text written
Text written
Text written
Text written
Drawing done
Text written
Text written
Text written
Text written
Drawing done
Text written
Drawing done
Text written
Drawing done
Drawing done
Text written
Text written
Text written
Drawing done
Drawing done
Drawing done
Drawing done
Drawing done
Drawing done
Text written
Drawing done
Text written
Drawing done
Text written
Drawing done
Drawing done
Text written
Text written
Text written
Text written
Text written
Drawing done
Text written
Drawing done
Text written
Drawing done
Drawing done
Drawing done
Text written
Drawing done
Drawing done
Drawing done
Text written
Text written
Drawing done
Text written
Drawing done
Drawing done
Text written
Text written
Drawing done
Drawing done
Text written
Drawing done
Drawing done
Text written
Text written
Drawing done
Text written
Text written
Text written
Drawing done
Text written
Drawing done
Text written
Drawing done
Text written
Drawing done
Text written
Drawing done
Drawing done
Text written
Text written
Text written
Text written
Drawing done
Text written
Drawing done
Text written
Drawing done
Text written
Drawing done
Text written
Text written
Drawing done
Drawing done
Text written
Text written
Text written
Drawing done
Drawing done
Text written
Drawing done
Text written
Text written
Drawing done
Text written
Drawing done
Drawing done
Drawing done
Drawing done
Text written
Text written
Text written
Drawing done
Drawing done
Drawing done
Text written
Text written
Text written
Text written
Text written
Drawing done
Text written
Drawing done
Text written
Drawing done
Text written
Text written
Text written
Text written
Text written
Text written
Drawing done
Drawing done
Drawing done
Text written
Drawing done
Text written
Drawing done
Text written
Drawing done
Text written
Drawing done
Text written
Text written
Text written
Text written
Text written
Drawing done
Drawing done
Drawing done
Drawing done
Drawing done
Text written
Drawing done
Text written
Drawing done
Text written
Drawing done
Text written
Text written
Drawing done
Drawing done
Text written
Text written
Drawing done
Text written
Drawing done
Text written
Text written
Drawing done
Text written
Text written
Drawing done
Text written
Drawing done
Text written
Drawing done
Text written
Drawing done
Text written
Text written
Text written
Text written
Drawing done
Text written
Drawing done
Text written
Drawing done
Text written
Text written
Text written
Text written
Drawing done
Drawing done
Text written
Drawing done
Text written
Drawing done
Drawing done
Text written
Drawing done
Drawing done
Text written
Drawing done
Drawing done
Text written
Text written
Text written
Text written
Text written
Text written
Drawing done
Text written
Text written
Text written
Drawing done
Text written
Drawing done
Text written
Text written
Text written
Drawing done
Drawing done
Drawing done
Text written
Drawing done
Text written
Drawing done
Drawing done
Text written
Drawing done
Text written
Drawing done
Text written
Drawing done
Text written
Drawing done
Text written
Text written
Drawing done
Text written
Text written
Drawing done
Drawing done
Drawing done
Text written
Drawing done
Text written
Text written
Drawing done
Drawing done
Drawing done
Text written
Drawing done
Drawing done
Text written
Drawing done
Drawing done
Drawing done
Text written
Drawing done
Text written
Drawing done
Text written
Text written
Drawing done
Text written
Text written
Drawing done
Drawing done
Text written
Text written
Text written
Text written
Drawing done
Drawing done
Drawing done
Text written
Text written
Text written
Text written
Text written
Text written
Text written
Drawing done
Text written
Text written
Drawing done
Text written
Drawing done
Drawing done
Text written
Text written
Drawing done
Text written
Drawing done
Text written
Text written
Drawing done
Text written
Drawing done
Text written
Text written
Text written
Text written
Text written
Drawing done
Drawing done
Drawing done
Text written
Text written
Text written
Text written
Drawing done
Text written
Drawing done
Text written
Text written
Text written
Text written
Drawing done
Text written
Text written
Drawing done
Text written
Text written
Text written
Text written
Drawing done
Drawing done
Text written
Text written
Drawing done
Drawing done
Text written
Drawing done
Drawing done
Text written
Text written
Drawing done
Drawing done
Drawing done
Drawing done
Drawing done
Text written
Text written
Text written
Text written
Drawing done
Drawing done
Drawing done
Drawing done
Drawing done
Drawing done
Drawing done
Drawing done
Text written
Text written
Drawing done
Text written
Drawing done
Drawing done
Drawing done
Drawing done
Drawing done
Text written
Text written
Text written
Drawing done
Text written
Text written
Text written
Drawing done
Text written
Saved tasks/runic/tests/49-runic/49-runic.out.ppm
