Loaded files/lsystems/line.lsys (L-system with 0 rules)
Loaded files/images/blank_200x200.ppm (PPM image 200x200)
Drawing done
Drawing done
Saved tasks/runic/tests/19-runic/19-runic-1.out.ppm
Drawing done
Saved tasks/runic/tests/19-runic/19-runic-2.out.ppm
Drawing done
Saved tasks/runic/tests/19-runic/19-runic-3.out.ppm
