Loaded files/images/blank_200x200.ppm (PPM image 200x200)
Loaded files/fonts/scientifica-11.bdf (bitmap font scientifica-medium)
Loaded files/lsystems/plant.lsys (L-system with 2 rules)
Drawing done
Drawing done
Drawing done
Drawing done
Drawing done
Drawing done
Drawing done
Drawing done
Drawing done
Drawing done
Drawing done
Drawing done
Drawing done
Drawing done
Drawing done
Drawing done
Drawing done
Drawing done
Drawing done
Drawing done
Drawing done
Drawing done
Drawing done
Drawing done
Drawing done
Drawing done
Drawing done
Drawing done
Drawing done
Drawing done
Drawing done
Drawing done
Drawing done
Drawing done
Drawing done
Drawing done
Drawing done
Drawing done
Drawing done
Drawing done
Drawing done
Drawing done
Drawing done
Drawing done
Drawing done
Drawing done
Drawing done
Drawing done
Drawing done
Drawing done
Drawing done
Drawing done
Drawing done
Drawing done
Drawing done
Drawing done
Drawing done
Drawing done
Drawing done
Drawing done
Drawing done
Drawing done
Drawing done
Drawing done
Drawing done
Drawing done
Drawing done
Drawing done
Drawing done
Drawing done
Drawing done
Drawing done
Drawing done
Drawing done
Drawing done
Drawing done
Drawing done
Drawing done
Drawing done
Drawing done
Drawing done
Drawing done
Drawing done
Drawing done
Drawing done
Drawing done
Drawing done
Drawing done
Drawing done
Drawing done
Drawing done
Drawing done
Drawing done
Drawing done
Drawing done
Drawing done
Drawing done
Drawing done
Drawing done
Drawing done
Drawing done
Drawing done
Drawing done
Drawing done
Drawing done
Drawing done
Drawing done
Drawing done
Drawing done
Drawing done
Drawing done
Drawing done
Drawing done
Drawing done
Drawing done
Drawing done
Drawing done
Drawing done
Drawing done
Drawing done
Drawing done
Drawing done
Drawing done
Drawing done
Drawing done
Drawing done
Drawing done
Drawing done
Drawing done
Drawing done
Drawing done
Drawing done
Drawing done
Drawing done
Drawing done
Drawing done
Drawing done
Drawing done
Drawing done
Drawing done
Drawing done
Drawing done
Drawing done
Drawing done
Drawing done
Drawing done
Drawing done
Drawing done
Drawing done
Drawing done
Drawing done
Drawing done
Drawing done
Drawing done
Drawing done
Drawing done
Drawing done
Drawing done
Drawing done
Drawing done
Drawing done
Drawing done
Drawing done
Drawing done
Drawing done
Drawing done
Drawing done
Drawing done
Drawing done
Drawing done
Drawing done
Drawing done
Drawing done
Drawing done
Drawing done
Drawing done
Drawing done
Drawing done
Drawing done
Drawing done
Drawing done
Drawing done
Drawing done
Drawing done
Drawing done
Drawing done
Drawing done
Drawing done
Drawing done
Drawing done
Drawing done
Drawing done
Drawing done
Drawing done
Drawing done
Drawing done
Drawing done
Drawing done
Drawing done
Drawing done
Drawing done
Drawing done
Drawing done
Drawing done
Drawing done
Drawing done
Drawing done
Drawing done
Drawing done
Drawing done
Drawing done
Drawing done
Drawing done
Drawing done
Drawing done
Drawing done
Drawing done
Drawing done
Drawing done
Drawing done
Drawing done
Drawing done
Drawing done
Drawing done
Drawing done
Drawing done
Drawing done
Drawing done
Drawing done
Drawing done
Drawing done
Drawing done
Drawing done
Drawing done
Drawing done
Drawing done
Drawing done
Drawing done
Drawing done
Drawing done
Drawing done
Drawing done
Drawing done
Drawing done
Drawing done
Drawing done
Drawing done
Drawing done
Drawing done
Drawing done
Drawing done
Drawing done
Drawing done
Drawing done
Drawing done
Drawing done
Drawing done
Drawing done
Drawing done
Drawing done
Drawing done
Drawing done
Drawing done
Drawing done
Drawing done
Drawing done
Drawing done
Drawing done
Drawing done
Drawing done
Drawing done
Drawing done
Drawing done
Drawing done
Drawing done
Drawing done
Drawing done
Drawing done
Drawing done
Drawing done
Drawing done
Drawing done
Drawing done
Drawing done
Drawing done
Drawing done
Drawing done
Drawing done
Drawing done
Drawing done
Drawing done
Drawing done
Drawing done
Drawing done
Drawing done
Drawing done
Drawing done
Drawing done
Drawing done
Drawing done
Drawing done
Drawing done
Drawing done
Drawing done
Drawing done
Drawing done
Drawing done
Drawing done
Drawing done
Drawing done
Drawing done
Drawing done
Drawing done
Drawing done
Drawing done
Drawing done
Drawing done
Drawing done
Drawing done
Drawing done
Drawing done
Drawing done
Drawing done
Drawing done
Drawing done
Drawing done
Drawing done
Drawing done
Drawing done
Drawing done
Drawing done
Drawing done
Drawing done
Drawing done
Drawing done
Drawing done
Drawing done
Drawing done
Drawing done
Drawing done
Drawing done
Drawing done
Drawing done
Drawing done
Drawing done
Drawing done
Drawing done
Drawing done
Drawing done
Drawing done
Drawing done
Drawing done
Drawing done
Drawing done
Drawing done
Drawing done
Drawing done
Drawing done
Drawing done
Drawing done
Drawing done
Drawing done
Drawing done
Drawing done
Drawing done
Drawing done
Drawing done
Drawing done
Drawing done
Drawing done
Drawing done
Drawing done
Drawing done
Drawing done
Drawing done
Drawing done
Drawing done
Drawing done
Drawing done
Drawing done
Drawing done
Drawing done
Drawing done
Drawing done
Drawing done
Drawing done
Drawing done
Drawing done
Drawing done
Drawing done
Drawing done
Drawing done
Drawing done
Drawing done
Drawing done
Drawing done
Drawing done
Drawing done
Drawing done
Drawing done
Drawing done
Drawing done
Drawing done
Drawing done
Drawing done
Drawing done
Drawing done
Drawing done
Drawing done
Drawing done
Drawing done
Drawing done
Drawing done
Drawing done
Drawing done
Drawing done
Drawing done
Drawing done
Drawing done
Drawing done
Drawing done
Drawing done
Drawing done
Drawing done
Drawing done
Drawing done
Drawing done
Drawing done
Drawing done
Drawing done
Drawing done
Drawing done
Drawing done
Drawing done
Drawing done
Drawing done
Drawing done
Drawing done
Drawing done
Drawing done
Drawing done
Drawing done
Drawing done
Drawing done
Drawing done
Drawing done
Drawing done
Drawing done
Drawing done
Drawing done
Drawing done
Drawing done
Drawing done
Drawing done
Drawing done
Drawing done
Drawing done
Drawing done
Drawing done
Drawing done
Drawing done
Drawing done
Drawing done
Drawing done
Drawing done
Drawing done
Drawing done
Drawing done
Drawing done
Drawing done
Drawing done
Drawing done
Drawing done
Drawing done
Drawing done
Drawing done
Drawing done
Drawing done
Drawing done
Drawing done
Drawing done
Drawing done
Drawing done
Drawing done
Drawing done
Drawing done
Drawing done
Drawing done
Drawing done
Drawing done
Drawing done
Drawing done
Drawing done
Drawing done
Drawing done
Drawing done
Drawing done
Drawing done
Drawing done
Drawing done
Drawing done
Drawing done
Drawing done
Drawing done
Drawing done
Drawing done
Drawing done
Drawing done
Drawing done
Drawing done
Drawing done
Drawing done
Drawing done
Drawing done
Drawing done
Drawing done
Drawing done
Drawing done
Drawing done
Drawing done
Drawing done
Drawing done
Drawing done
Drawing done
Drawing done
Drawing done
Drawing done
Drawing done
Drawing done
Drawing done
Drawing done
Drawing done
Drawing done
Drawing done
Drawing done
Drawing done
Drawing done
Drawing done
Drawing done
Drawing done
Drawing done
Drawing done
Drawing done
Drawing done
Drawing done
Drawing done
Drawing done
Drawing done
Drawing done
Drawing done
Drawing done
Drawing done
Drawing done
Drawing done
Drawing done
Drawing done
Drawing done
Drawing done
Drawing done
Drawing done
Drawing done
Drawing done
Drawing done
Drawing done
Drawing done
Drawing done
Drawing done
Drawing done
Drawing done
Drawing done
Drawing done
Drawing done
Drawing done
Drawing done
Drawing done
Drawing done
Drawing done
Drawing done
Drawing done
Drawing done
Drawing done
Drawing done
Drawing done
Drawing done
Drawing done
Drawing done
Drawing done
Drawing done
Drawing done
Drawing done
Drawing done
Drawing done
Drawing done
Drawing done
Drawing done
Drawing done
Drawing done
Drawing done
Drawing done
Drawing done
Drawing done
Drawing done
Drawing done
Drawing done
Drawing done
Drawing done
Drawing done
Drawing done
Drawing done
Drawing done
Drawing done
Drawing done
Drawing done
Drawing done
Drawing done
Drawing done
Drawing done
Drawing done
Drawing done
Drawing done
Drawing done
Drawing done
Drawing done
Drawing done
Drawing done
Drawing done
Drawing done
Drawing done
Drawing done
Drawing done
Drawing done
Drawing done
Drawing done
Drawing done
Drawing done
Drawing done
Drawing done
Drawing done
Drawing done
Drawing done
Drawing done
Drawing done
Drawing done
Drawing done
Drawing done
Drawing done
Drawing done
Drawing done
Drawing done
Drawing done
Drawing done
Drawing done
Drawing done
Drawing done
Drawing done
Drawing done
Drawing done
Drawing done
Drawing done
Drawing done
Drawing done
Drawing done
Drawing done
Drawing done
Drawing done
Drawing done
Drawing done
Drawing done
Drawing done
Drawing done
Drawing done
Drawing done
Drawing done
Drawing done
Drawing done
Drawing done
Drawing done
Drawing done
Drawing done
Drawing done
Drawing done
Drawing done
Drawing done
Drawing done
Drawing done
Drawing done
Drawing done
Drawing done
Drawing done
Drawing done
Drawing done
Drawing done
Drawing done
Drawing done
Drawing done
Drawing done
Drawing done
Drawing done
Drawing done
Drawing done
Drawing done
Drawing done
Drawing done
Drawing done
Drawing done
Drawing done
Drawing done
Drawing done
Drawing done
Drawing done
Drawing done
Drawing done
Drawing done
Drawing done
Drawing done
Drawing done
Drawing done
Drawing done
Drawing done
Drawing done
Drawing done
Drawing done
Drawing done
Drawing done
Drawing done
Drawing done
Drawing done
Drawing done
Drawing done
Drawing done
Drawing done
Drawing done
Drawing done
Drawing done
Drawing done
Drawing done
Drawing done
Drawing done
Drawing done
Drawing done
Drawing done
Drawing done
Drawing done
Drawing done
Drawing done
Drawing done
Drawing done
Drawing done
Drawing done
Drawing done
Drawing done
Drawing done
Drawing done
Drawing done
Drawing done
Drawing done
Drawing done
Drawing done
Drawing done
Drawing done
Drawing done
Drawing done
Drawing done
Drawing done
Drawing done
Drawing done
Drawing done
Drawing done
Drawing done
Drawing done
Drawing done
Drawing done
Drawing done
Drawing done
Drawing done
Drawing done
Drawing done
Drawing done
Drawing done
Drawing done
Drawing done
Drawing done
Drawing done
Drawing done
Drawing done
Drawing done
Drawing done
Drawing done
Drawing done
Drawing done
Drawing done
Drawing done
Drawing done
Drawing done
Drawing done
Drawing done
Drawing done
Drawing done
Drawing done
Drawing done
Drawing done
Drawing done
Drawing done
Drawing done
Drawing done
Drawing done
Drawing done
Drawing done
Drawing done
Drawing done
Drawing done
Drawing done
Drawing done
Drawing done
Drawing done
Drawing done
Drawing done
Drawing done
Drawing done
Drawing done
Drawing done
Drawing done
Drawing done
Drawing done
Drawing done
Drawing done
Drawing done
Drawing done
Drawing done
Drawing done
Drawing done
Drawing done
Drawing done
Drawing done
Drawing done
Drawing done
Drawing done
Drawing done
Drawing done
Drawing done
Drawing done
Drawing done
Drawing done
Drawing done
Drawing done
Drawing done
Drawing done
Drawing done
Drawing done
Drawing done
Drawing done
Drawing done
Drawing done
Drawing done
Drawing done
Drawing done
Drawing done
Drawing done
Drawing done
Drawing done
Drawing done
Drawing done
Drawing done
Drawing done
Drawing done
Drawing done
Drawing done
Drawing done
Drawing done
Drawing done
Drawing done
Drawing done
Drawing done
Drawing done
Drawing done
Drawing done
Drawing done
Drawing done
Drawing done
Drawing done
Drawing done
Drawing done
Drawing done
Drawing done
Drawing done
Drawing done
Drawing done
Drawing done
Drawing done
Drawing done
Drawing done
Drawing done
Drawing done
Drawing done
Drawing done
Drawing done
Drawing done
Drawing done
Drawing done
Drawing done
Drawing done
Drawing done
Drawing done
Drawing done
Drawing done
Drawing done
Drawing done
Drawing done
Drawing done
Drawing done
Drawing done
Drawing done
Drawing done
Drawing done
Drawing done
Drawing done
Drawing done
Drawing done
Drawing done
Drawing done
Drawing done
Drawing done
Drawing done
Drawing done
Drawing done
Drawing done
Drawing done
Drawing done
Drawing done
Drawing done
Drawing done
Drawing done
Drawing done
Drawing done
Drawing done
Drawing done
Drawing done
Drawing done
Drawing done
Drawing done
Drawing done
Drawing done
Drawing done
Drawing done
Drawing done
Drawing done
Drawing done
Drawing done
Drawing done
Drawing done
Drawing done
Drawing done
Drawing done
Drawing done
Drawing done
Drawing done
Drawing done
Drawing done
Drawing done
Drawing done
Drawing done
Drawing done
Drawing done
Drawing done
Drawing done
Drawing done
Drawing done
Drawing done
Drawing done
Drawing done
Drawing done
Drawing done
Drawing done
Drawing done
Drawing done
Drawing done
Drawing done
Drawing done
Drawing done
Drawing done
Drawing done
Drawing done
Drawing done
Drawing done
Drawing done
Drawing done
Drawing done
Drawing done
Drawing done
Drawing done
Drawing done
Drawing done
Drawing done
Drawing done
Drawing done
Drawing done
Drawing done
Drawing done
Drawing done
Drawing done
Drawing done
Drawing done
Drawing done
Drawing done
Drawing done
Drawing done
Drawing done
Drawing done
Drawing done
Drawing done
Drawing done
Drawing done
Drawing done
Drawing done
Drawing done
Drawing done
Drawing done
Drawing done
Drawing done
Drawing done
Drawing done
Drawing done
Drawing done
Drawing done
Drawing done
Drawing done
Drawing done
Drawing done
Drawing done
Drawing done
Drawing done
Drawing done
Drawing done
Drawing done
Drawing done
Drawing done
Drawing done
Drawing done
Drawing done
Drawing done
Drawing done
Drawing done
Drawing done
Drawing done
Drawing done
Drawing done
Drawing done
Drawing done
Drawing done
Drawing done
Drawing done
Drawing done
Drawing done
Drawing done
Drawing done
Drawing done
Drawing done
Drawing done
Drawing done
Drawing done
Drawing done
Drawing done
Drawing done
Drawing done
Drawing done
Drawing done
Drawing done
Drawing done
Drawing done
Drawing done
Drawing done
Drawing done
Drawing done
Drawing done
Drawing done
Drawing done
Drawing done
Drawing done
Drawing done
Drawing done
Drawing done
Drawing done
Drawing done
Drawing done
Drawing done
Drawing done
Drawing done
Drawing done
Drawing done
Drawing done
Drawing done
Drawing done
Drawing done
Drawing done
Drawing done
Drawing done
Drawing done
Drawing done
Drawing done
Drawing done
Drawing done
Drawing done
Drawing done
Drawing done
Drawing done
Drawing done
Drawing done
Drawing done
Drawing done
Drawing done
Drawing done
Drawing done
Drawing done
Drawing done
Drawing done
Drawing done
Drawing done
Drawing done
Drawing done
Drawing done
Drawing done
Drawing done
Drawing done
Drawing done
Drawing done
Drawing done
Drawing done
Drawing done
Drawing done
Drawing done
Drawing done
Drawing done
Drawing done
Drawing done
Drawing done
Drawing done
Drawing done
Drawing done
Drawing done
Drawing done
Drawing done
Drawing done
Drawing done
Drawing done
Drawing done
Drawing done
Drawing done
Drawing done
Drawing done
Drawing done
Drawing done
Drawing done
Drawing done
Drawing done
Drawing done
Drawing done
Drawing done
Drawing done
Drawing done
Drawing done
Drawing done
Drawing done
Drawing done
Drawing done
Drawing done
Drawing done
Drawing done
Drawing done
Drawing done
Drawing done
Drawing done
Drawing done
Drawing done
Drawing done
Drawing done
Drawing done
Drawing done
Drawing done
Drawing done
Drawing done
Drawing done
Drawing done
Drawing done
Drawing done
Drawing done
Drawing done
Drawing done
Drawing done
Drawing done
Drawing done
Drawing done
Drawing done
Drawing done
Drawing done
Drawing done
Drawing done
Drawing done
Drawing done
Drawing done
Drawing done
Drawing done
Drawing done
Drawing done
Drawing done
Drawing done
Drawing done
Drawing done
Drawing done
Drawing done
Drawing done
Drawing done
Drawing done
Drawing done
Drawing done
Drawing done
Drawing done
Drawing done
Drawing done
Drawing done
Drawing done
Drawing done
Drawing done
Drawing done
Drawing done
Drawing done
Drawing done
Drawing done
Drawing done
Drawing done
Drawing done
Drawing done
Drawing done
Drawing done
Drawing done
Drawing done
Drawing done
Drawing done
Drawing done
Drawing done
Drawing done
Drawing done
Drawing done
Drawing done
Drawing done
Drawing done
Drawing done
Drawing done
Drawing done
Drawing done
Drawing done
Drawing done
Drawing done
Drawing done
Drawing done
Drawing done
Drawing done
Drawing done
Drawing done
Drawing done
Drawing done
Drawing done
Drawing done
Drawing done
Drawing done
Drawing done
Drawing done
Drawing done
Drawing done
Drawing done
Drawing done
Drawing done
Drawing done
Drawing done
Drawing done
Drawing done
Drawing done
Drawing done
Drawing done
Drawing done
Drawing done
Drawing done
Drawing done
Drawing done
Drawing done
Drawing done
Drawing done
Drawing done
Drawing done
Drawing done
Drawing done
Drawing done
Drawing done
Drawing done
Drawing done
Drawing done
Drawing done
Drawing done
Drawing done
Drawing done
Drawing done
Drawing done
Drawing done
Drawing done
Drawing done
Drawing done
Drawing done
Drawing done
Drawing done
Drawing done
Drawing done
Drawing done
Drawing done
Drawing done
Drawing done
Drawing done
Drawing done
Drawing done
Drawing done
Drawing done
Drawing done
Drawing done
Drawing done
Drawing done
Drawing done
Drawing done
Drawing done
Drawing done
Drawing done
Drawing done
Drawing done
Drawing done
Drawing done
Drawing done
Drawing done
Drawing done
Drawing done
Drawing done
Drawing done
Drawing done
Drawing done
Drawing done
Drawing done
Drawing done
Drawing done
Drawing done
Drawing done
Drawing done
Drawing done
Drawing done
Drawing done
Drawing done
Drawing done
Drawing done
Drawing done
Drawing done
Drawing done
Drawing done
Drawing done
Drawing done
Drawing done
Drawing done
Drawing done
Drawing done
Drawing done
Drawing done
Drawing done
Drawing done
Drawing done
Drawing done
Drawing done
Drawing done
Drawing done
Drawing done
Drawing done
Drawing done
Drawing done
Drawing done
Drawing done
Drawing done
Drawing done
Drawing done
Drawing done
Drawing done
Drawing done
Drawing done
Drawing done
Drawing done
Drawing done
Drawing done
Drawing done
Drawing done
Drawing done
Drawing done
Drawing done
Drawing done
Drawing done
Drawing done
Drawing done
Drawing done
Drawing done
Drawing done
Drawing done
Drawing done
Drawing done
Drawing done
Drawing done
Drawing done
Drawing done
Drawing done
Drawing done
Drawing done
Drawing done
Drawing done
Drawing done
Drawing done
Drawing done
Drawing done
Drawing done
Drawing done
Drawing done
Drawing done
Drawing done
Drawing done
Drawing done
Drawing done
Drawing done
Drawing done
Drawing done
Drawing done
Drawing done
Drawing done
Drawing done
Drawing done
Drawing done
Drawing done
Drawing done
Drawing done
Drawing done
Drawing done
Drawing done
Drawing done
Drawing done
Drawing done
Drawing done
Drawing done
Drawing done
Drawing done
Drawing done
Drawing done
Drawing done
Drawing done
Drawing done
Drawing done
Drawing done
Drawing done
Drawing done
Drawing done
Drawing done
Drawing done
Drawing done
Drawing done
Drawing done
Drawing done
Drawing done
Drawing done
Drawing done
Drawing done
Drawing done
Drawing done
Drawing done
Drawing done
Drawing done
Drawing done
Drawing done
Drawing done
Drawing done
Drawing done
Drawing done
Drawing done
Drawing done
Drawing done
Drawing done
Drawing done
Drawing done
Drawing done
Drawing done
Drawing done
Drawing done
Drawing done
Drawing done
Drawing done
Drawing done
Drawing done
Drawing done
Drawing done
Drawing done
Drawing done
Drawing done
Drawing done
Drawing done
Saved tasks/runic/tests/52-runic/52-runic.out.ppm
