Loaded files/images/blank_800x800.ppm (PPM image 800x800)
Loaded files/fonts/scientifica-11.bdf (bitmap font scientifica-medium)
Loaded files/lsystems/snowflake.lsys (L-system with 1 rules)
Text written
Text written
Text written
Text written
Text written
Text written
Text written
Drawing done
Text written
Drawing done
Text written
Text written
Text written
Drawing done
Text written
Text written
Drawing done
Text written
Text written
Text written
Text written
Text written
Text written
Text written
Text written
Drawing done
Text written
Text written
Text written
Drawing done
Drawing done
Text written
Text written
Text written
Text written
Text written
Text written
Text written
Text written
Text written
Text written
Drawing done
Text written
Text written
Text written
Text written
Text written
Text written
Text written
Text written
Text written
Text written
Drawing done
Text written
Drawing done
Text written
Text written
Text written
Text written
Drawing done
Text written
Text written
Text written
Drawing done
Text written
Text written
Text written
Text written
Drawing done
Text written
Text written
Text written
Drawing done
Text written
Text written
Text written
Text written
Text written
Text written
Text written
Text written
Text written
Drawing done
Text written
Text written
Text written
Drawing done
Text written
Text written
Text written
Text written
Drawing done
Text written
Text written
Text written
Text written
Text written
Drawing done
Text written
Text written
Text written
Drawing done
Text written
Drawing done
Text written
Text written
Drawing done
Text written
Drawing done
Text written
Text written
Text written
Text written
Text written
Text written
Text written
Text written
Text written
Text written
Text written
Drawing done
Drawing done
Text written
Text written
Drawing done
Text written
Text written
Text written
Text written
Text written
Text written
Text written
Drawing done
Text written
Text written
Drawing done
Text written
Text written
Text written
Text written
Text written
Text written
Text written
Text written
Text written
Drawing done
Text written
Drawing done
Text written
Text written
Text written
Text written
Text written
Drawing done
Text written
Text written
Text written
Text written
Text written
Text written
Text written
Text written
Text written
Text written
Text written
Text written
Text written
Text written
Text written
Text written
Text written
Drawing done
Text written
Text written
Text written
Text written
Text written
Text written
Text written
Text written
Drawing done
Text written
Text written
Text written
Text written
Text written
Text written
Text written
Text written
Text written
Text written
Text written
Text written
Text written
Text written
Text written
Text written
Text written
Drawing done
Text written
Text written
Text written
Text written
Text written
Text written
Text written
Text written
Text written
Text written
Text written
Text written
Text written
Text written
Text written
Text written
Text written
Text written
Text written
Text written
Text written
Text written
Text written
Text written
Text written
Text written
Text written
Text written
Text written
Drawing done
Text written
Text written
Text written
Text written
Text written
Text written
Text written
Text written
Text written
Text written
Text written
Text written
Text written
Text written
Text written
Text written
Text written
Text written
Drawing done
Drawing done
Text written
Text written
Text written
Text written
Text written
Text written
Text written
Text written
Text written
Text written
Text written
Text written
Text written
Text written
Text written
Drawing done
Text written
Text written
Text written
Text written
Text written
Text written
Text written
Text written
Text written
Text written
Text written
Text written
Text written
Text written
Text written
Drawing done
Text written
Text written
Text written
Text written
Drawing done
Text written
Text written
Text written
Text written
Text written
Text written
Text written
Drawing done
Text written
Drawing done
Text written
Drawing done
Text written
Text written
Text written
Text written
Text written
Text written
Text written
Drawing done
Text written
Text written
Text written
Text written
Text written
Text written
Text written
Text written
Text written
Text written
Text written
Text written
Text written
Text written
Text written
Text written
Text written
Text written
Text written
Text written
Text written
Text written
Text written
Text written
Text written
Text written
Text written
Text written
Text written
Text written
Text written
Text written
Drawing done
Text written
Text written
Text written
Text written
Text written
Drawing done
Text written
Drawing done
Text written
Text written
Text written
Text written
Text written
Text written
Text written
Text written
Drawing done
Text written
Text written
Text written
Drawing done
Text written
Text written
Text written
Text written
Text written
Text written
Text written
Text written
Text written
Text written
Text written
Text written
Drawing done
Text written
Text written
Text written
Drawing done
Text written
Text written
Text written
Text written
Text written
Text written
Text written
Text written
Text written
Text written
Text written
Text written
Text written
Text written
Text written
Text written
Drawing done
Drawing done
Text written
Text written
Text written
Drawing done
Drawing done
Text written
Text written
Text written
Text written
Text written
Drawing done
Text written
Text written
Text written
Text written
Text written
Text written
Text written
Text written
Text written
Text written
Drawing done
Text written
Text written
Drawing done
Text written
Text written
Drawing done
Text written
Drawing done
Text written
Text written
Text written
Text written
Text written
Text written
Text written
Text written
Text written
Text written
Text written
Drawing done
Drawing done
Text written
Text written
Text written
Text written
Text written
Text written
Text written
Text written
Text written
Text written
Text written
Text written
Text written
Drawing done
Text written
Text written
Drawing done
Text written
Text written
Text written
Text written
Text written
Text written
Drawing done
Text written
Drawing done
Text written
Text written
Text written
Text written
Text written
Text written
Text written
Text written
Text written
Text written
Text written
Text written
Text written
Drawing done
Drawing done
Text written
Text written
Text written
Text written
Text written
Text written
Drawing done
Text written
Text written
Text written
Text written
Text written
Drawing done
Text written
Text written
Text written
Text written
Drawing done
Saved tasks/runic/tests/50-runic/50-runic.out.ppm
