Elicopterul 25 este pozitionat necorespunzator!
Elicopterul 43 este pozitionat necorespunzator!
Elicopterul 55 este pozitionat necorespunzator!
Elicopterul 57 este pozitionat necorespunzator!
Elicopterul 67 este pozitionat necorespunzator!
Elicopterul 89 este pozitionat necorespunzator!
Elicopterul 100 este pozitionat necorespunzator!
Elicopterul 106 este pozitionat necorespunzator!
Elicopterul 117 este pozitionat necorespunzator!
Elicopterul 143 este pozitionat necorespunzator!
57
24
4 22 37 39 44 47 48 51 59 65 71 78 81 85 87 88 92 95 101 103 115 133 144 151 
